// 重构日志: b9397086
// 同步 ID: 32cd4d71 @ Sun Jul 19 09:49:22 UTC 2026
// 同步 ID: 525be5e8 @ Sun Jul 19 12:45:11 UTC 2026
// 重构日志: cebf2b84
// 重构日志: 1ca0a0bd
// 同步 ID: 61ee8d2d @ Tue Jul 21 18:09:41 UTC 2026
// 重构日志: 6ad74259
// 重构日志: 4a00ffbe
// 同步 ID: 69f1d2f7 @ Sun Jul 26 19:47:08 UTC 2026
// 重构日志: 870e092e
// 同步 ID: e0ee0ce2 @ Tue Jul 28 04:32:46 UTC 2026
// 重构日志: 417f54ef
// 重构日志: 0f3f0ebf
// 重构日志: 08b659ee
// 重构日志: 1695f64f
// 重构日志: b83d8b7c
// 重构日志: 0ab361a9
// 重构日志: a379d723
// 同步 ID: 35a8802c @ Fri Jul 31 01:49:24 UTC 2026
// 重构日志: 3c28ade2
// 重构日志: d5f62967
// 重构日志: 324d2e06
// 同步 ID: 2296edd5 @ Sun Aug  2 10:15:01 UTC 2026
// 重构日志: b6ac9ec2
// 同步 ID: 31cfc586 @ Mon Aug  3 01:26:47 UTC 2026
// 同步 ID: 26c2e6b8 @ Mon Aug  3 05:10:26 UTC 2026
// 重构日志: dc5d2f9e
// 同步 ID: fc2c984c @ Tue Aug  4 10:57:16 UTC 2026
// 同步 ID: afeae54c @ Tue Aug  4 13:15:58 UTC 2026
// 同步 ID: 66deaaf5 @ Wed Aug  5 03:49:50 UTC 2026
// 重构日志: 74f7645b
// 重构日志: 385de8a5
// 重构日志: 35e73350
// 重构日志: 37579784
// 重构日志: d4a3f08d
// 重构日志: 5f2f7dfa
// 重构日志: 5a23639b
